// Jest Snapshot v1, https://goo.gl/fbAQLP

exports[`snapshot 1`] = `
{
  "Parameters": {
    "BootstrapVersion": {
      "Default": "/cdk-bootstrap/hnb659fds/version",
      "Description": "Version of the CDK Bootstrap resources in this environment, automatically retrieved from SSM Parameter Store. [cdk:skip]",
      "Type": "AWS::SSM::Parameter::Value<String>",
    },
  },
  "Resources": {
    "Certificate4E7ABB08": {
      "Properties": {
        "DomainName": "sub-domain-name.test.com",
        "DomainValidationOptions": [
          {
            "DomainName": "sub-domain-name.test.com",
            "HostedZoneId": {
              "Ref": "HostedZoneDB99F866",
            },
          },
        ],
        "Tags": [
          {
            "Key": "Name",
            "Value": "TodoAppCertificateStack/Certificate",
          },
        ],
        "ValidationMethod": "DNS",
      },
      "Type": "AWS::CertificateManager::Certificate",
    },
    "HostedZoneDB99F866": {
      "Properties": {
        "Name": "sub-domain-name.test.com.",
      },
      "Type": "AWS::Route53::HostedZone",
    },
    "NsRecordE03782CB": {
      "Properties": {
        "HostedZoneId": "hosted-zone-id",
        "Name": "sub-domain-name.test.com.",
        "ResourceRecords": {
          "Fn::GetAtt": [
            "HostedZoneDB99F866",
            "NameServers",
          ],
        },
        "TTL": "1800",
        "Type": "NS",
      },
      "Type": "AWS::Route53::RecordSet",
    },
  },
  "Rules": {
    "CheckBootstrapVersion": {
      "Assertions": [
        {
          "Assert": {
            "Fn::Not": [
              {
                "Fn::Contains": [
                  [
                    "1",
                    "2",
                    "3",
                    "4",
                    "5",
                  ],
                  {
                    "Ref": "BootstrapVersion",
                  },
                ],
              },
            ],
          },
          "AssertDescription": "CDK bootstrap stack version 6 required. Please run 'cdk bootstrap' with a recent version of the CDK CLI.",
        },
      ],
    },
  },
}
`;
